// Jest Snapshot v1, https://goo.gl/fbAQLP

exports[` should render clock correct  1`] = `
<div>
  <h2>
    It is 
    1482363367071
  </h2>
</div>
`;
